gal-cursors.ads:117:13: medium: range check might fail, in instantiation at gal-vectors-generics.ads:276, in instantiation at gal-vectors-definite_bounded.ads:41, in instantiation at use_vectors.ads:29 (e.g. when Left = -3)
gal-cursors.ads:117:13: medium: range check might fail, in instantiation at gal-vectors-generics.ads:276, in instantiation at gal-vectors-indefinite_unbounded_spark.ads:44, in instantiation at use_vectors.ads:125 (e.g. when Left = Zero)
gal-cursors.ads:117:13: medium: range check might fail, in instantiation at gal-vectors-generics.ads:276, in instantiation at gal-vectors-indefinite_unbounded_spark.ads:44, in instantiation at use_vectors.ads:25 (e.g. when Left = -3)
gal-cursors.ads:117:18: medium: precondition might fail, in instantiation at gal-vectors-generics.ads:276, in instantiation at gal-vectors-definite_bounded.ads:41, in instantiation at use_vectors.ads:29
gal-cursors.ads:117:18: medium: precondition might fail, in instantiation at gal-vectors-generics.ads:276, in instantiation at gal-vectors-indefinite_unbounded_spark.ads:44, in instantiation at use_vectors.ads:125
gal-cursors.ads:117:18: medium: precondition might fail, in instantiation at gal-vectors-generics.ads:276, in instantiation at gal-vectors-indefinite_unbounded_spark.ads:44, in instantiation at use_vectors.ads:25
gal-cursors.ads:117:21: medium: overflow check might fail, in instantiation at gal-vectors-generics.ads:276, in instantiation at gal-vectors-definite_bounded.ads:41, in instantiation at use_vectors.ads:29 (e.g. when N = -2147483648)
gal-cursors.ads:117:21: medium: overflow check might fail, in instantiation at gal-vectors-generics.ads:276, in instantiation at gal-vectors-indefinite_unbounded_spark.ads:44, in instantiation at use_vectors.ads:125 (e.g. when N = -2147483648)
gal-cursors.ads:117:21: medium: overflow check might fail, in instantiation at gal-vectors-generics.ads:276, in instantiation at gal-vectors-indefinite_unbounded_spark.ads:44, in instantiation at use_vectors.ads:25 (e.g. when N = -2147483648)
gal-cursors.ads:120:13: medium: range check might fail, in instantiation at gal-vectors-generics.ads:276, in instantiation at gal-vectors-definite_bounded.ads:41, in instantiation at use_vectors.ads:29 (e.g. when Idx = -3)
gal-cursors.ads:120:13: medium: range check might fail, in instantiation at gal-vectors-generics.ads:276, in instantiation at gal-vectors-indefinite_unbounded_spark.ads:44, in instantiation at use_vectors.ads:125 (e.g. when Idx = Zero)
gal-cursors.ads:120:13: medium: range check might fail, in instantiation at gal-vectors-generics.ads:276, in instantiation at gal-vectors-indefinite_unbounded_spark.ads:44, in instantiation at use_vectors.ads:25 (e.g. when Idx = -3)
gal-cursors.ads:120:17: medium: precondition might fail, in instantiation at gal-vectors-generics.ads:276, in instantiation at gal-vectors-definite_bounded.ads:41, in instantiation at use_vectors.ads:29
gal-cursors.ads:120:17: medium: precondition might fail, in instantiation at gal-vectors-generics.ads:276, in instantiation at gal-vectors-indefinite_unbounded_spark.ads:44, in instantiation at use_vectors.ads:125
gal-cursors.ads:120:17: medium: precondition might fail, in instantiation at gal-vectors-generics.ads:276, in instantiation at gal-vectors-indefinite_unbounded_spark.ads:44, in instantiation at use_vectors.ads:25
use_lists.ads:139:17: medium: precondition might fail
use_lists.ads:146:17: medium: precondition might fail

